
--- TEST WRITE ---

--- PROTOCOL EVENT ---
{
  "timestamp": "2026-04-20T06:53:41.505Z",
  "model": "test-model",
  "itemCount": 1,
  "items_type": "object",
  "config_type": "object"
}

--- PROTOCOL EVENT ---
{
  "timestamp": "2026-04-20T06:53:41.506Z",
  "itemCount": 0,
  "items_type": "object",
  "config_type": "object"
}

--- PROTOCOL EVENT ---
{
  "timestamp": "2026-04-20T06:53:41.507Z",
  "items_type": "object",
  "config_type": "object"
}

=== EXTENSION LOADED: 2026-04-20T15:15:24.810Z ===

[HEARTBEAT] HG_OPT exists, calls: 0

[HEARTBEAT] HG_OPT exists, calls: 0

[HEARTBEAT] HG_OPT exists, calls: 0

[HEARTBEAT] HG_OPT exists, calls: 0

[HEARTBEAT] HG_OPT exists, calls: 0

[HEARTBEAT] HG_OPT exists, calls: 0

=== EXTENSION LOADED: 2026-04-20T15:20:28.602Z ===

[HEARTBEAT] HG_OPT exists, calls: 0

[HEARTBEAT] HG_OPT exists, calls: 0

[HEARTBEAT] HG_OPT exists, calls: 0

[HEARTBEAT] HG_OPT exists, calls: 0

[HEARTBEAT] HG_OPT exists, calls: 0

[HEARTBEAT] HG_OPT exists, calls: 0

[HEARTBEAT] HG_OPT exists, calls: 0

[HEARTBEAT] HG_OPT exists, calls: 0

[HEARTBEAT] HG_OPT exists, calls: 0

[HEARTBEAT] HG_OPT exists, calls: 0

[HEARTBEAT] HG_OPT exists, calls: 0

[HEARTBEAT] HG_OPT exists, calls: 0

[HEARTBEAT] HG_OPT exists, calls: 0
